// 重构日志: 829d51cf
// 同步 ID: 80143893 @ Mon Jul 20 21:27:24 UTC 2026
// 同步 ID: f865f505 @ Tue Jul 21 07:53:06 UTC 2026
// 同步 ID: 5cfa734b @ Tue Jul 21 10:03:39 UTC 2026
// 同步 ID: 92c14a4a @ Thu Jul 23 05:11:13 UTC 2026
// 同步 ID: 723a64bd @ Thu Jul 23 17:01:09 UTC 2026
// 重构日志: be5ef8af
// 重构日志: 4bbc60e7
// 重构日志: eed0a88a
// 同步 ID: db98f668 @ Sat Jul 25 01:16:11 UTC 2026
// 重构日志: 1db7cc75
// 重构日志: 52cd54cd
// 同步 ID: 9e68913d @ Sat Jul 25 11:12:36 UTC 2026
// 重构日志: c7e7cf64
// 重构日志: 665210db
// 重构日志: 4f9c0018
// 重构日志: 76154f77
// 同步 ID: 548d9891 @ Thu Jul 30 01:44:47 UTC 2026
// 重构日志: e3c80823
// 重构日志: d5ecd103
// 重构日志: 0e0fb896
// 重构日志: c92049cb
// 重构日志: d8a50935
// 重构日志: c593676f
// 重构日志: 1ecd8466
// 重构日志: 27caf4d9
// 重构日志: 770fc5f3
// 重构日志: 8d6dc999
// 重构日志: 711a31d5
// 同步 ID: 15888714 @ Mon Aug  3 08:56:00 UTC 2026
// 重构日志: b9999a8f
